[gardendowntown.com/index.html]
[gardendowntown.com/wp-content/themes/Hotel-Garden-Downtown-Theme/img/favicons/apple-touch-icon.png]
[gardendowntown.com/wp-content/themes/Hotel-Garden-Downtown-Theme/img/favicons/favicon-32x32.png]
[gardendowntown.com/wp-content/themes/Hotel-Garden-Downtown-Theme/img/favicons/favicon-16x16.png]
[backblue.gif]
[fade.gif]
[index.html]
[gardendowntown.com/wp-content/themes/Hotel-Garden-Downtown-Theme/img/favicons/safari-pinned-tab.svg]
[gardendowntown.com/wp-includes/css/dist/block-library/A.style.min.css,qver=6.8.2.pagespeed.cf.6w6iIy5A4f.css]
[gardendowntown.com/sq/ballina/index.html]
[gardendowntown.com/wp-content/plugins/contact-form-7/includes/css/A.styles.css,qver=6.1.pagespeed.cf.bY4dTi-wnh.css]
[gardendowntown.com/wp-content/themes/Hotel-Garden-Downtown-Theme/A.style.css,qver=6.8.2.pagespeed.cf.1B2M2Y8Asg.css]
[gardendowntown.com/wp-content/themes/Hotel-Garden-Downtown-Theme/css/A.style.css,qver=6.8.2.pagespeed.cf.gSTAN3gNQG.css]
[gardendowntown.com/xmlrpc0db0.php]
[gardendowntown.com/wp-content/plugins/webp-express/js/picturefill.min.js]
[gardendowntown.com/wp-content/uploads/2023/08/xslider-1.jpg.pagespeed.ic.CAXbaod6H0.jpg]
[gardendowntown.com/wp-content/uploads/2023/08/xslider-2.jpg.pagespeed.ic.rFp1goLfW1.jpg]
[gardendowntown.com/wp-content/uploads/2023/08/xslider-3.jpg.pagespeed.ic.B098LIaj-r.jpg]
[gardendowntown.com/wp-content/uploads/2023/08/ximg-tile.jpg.pagespeed.ic.tlV_7G7r4h.jpg]
[gardendowntown.com/wp-content/uploads/2023/08/ximg-tile-1.jpg.pagespeed.ic.jb7yPH-7i0.jpg]
[gardendowntown.com/room/aloe-vera-room/index.html]
[gardendowntown.com/wp-content/uploads/2023/08/ximg-tile-4.jpg.pagespeed.ic.XLPMM7eK3j.jpg]
[gardendowntown.com/room/sanseveria-room/index.html]
[gardendowntown.com/wp-content/uploads/2023/08/ximg-tile-3.jpg.pagespeed.ic.u7USdE2zss.jpg]
[gardendowntown.com/room/lavandula-room/index.html]
[gardendowntown.com/room/cactus-room/index.html]
[gardendowntown.com/wp-content/uploads/2023/08/ximg-tile-2.jpg.pagespeed.ic.uFpGar_DeQ.jpg]
[gardendowntown.com/wp-content/uploads/2023/08/ximg-tile-5.jpg.pagespeed.ic.8ky8-UleJE.jpg]
[gardendowntown.com/room/guzmania-room/index.html]
[gardendowntown.com/wp-content/uploads/2023/08/ximg-tile-6.jpg.pagespeed.ic.gNYYA_Ez9c.jpg]
[gardendowntown.com/room/bonsai-room/index.html]
[gardendowntown.com/wp-content/uploads/2023/08/ximg-tile-7.jpg.pagespeed.ic.0oN_-g2yBN.jpg]
[gardendowntown.com/room/dypsis-room/index.html]
[gardendowntown.com/wp-content/uploads/2023/08/ximg-big-1.jpg.pagespeed.ic.03UAb3gEC6.jpg]
[gardendowntown.com/wp-content/uploads/2023/08/xhotel-garden-group.png.pagespeed.ic.USDxn0K960.png]
[gardendowntown.com/room/lucky-bamboo-room/index.html]
[gardendowntown.com/info@gardendowntown.com]
[gardendowntown.com/restaurant/index.html]
[gardendowntown.com/about/index.html]
[gardendowntown.com/rooms/index.html]
[gardendowntown.com/offers/index.html]
[gardendowntown.com/wp-content/uploads/2023/11/xhotel-garden-downtown-logo.png.pagespeed.ic.WqKZTjqigZ.png]
[gardendowntown.com/careers/index.html]
[gardendowntown.com/wp-content/uploads/2023/10/menu-home.jpg]
[gardendowntown.com/contact/index.html]
[gardendowntown.com/wp-content/uploads/2023/10/menu-offers.jpg]
[gardendowntown.com/privacy-policy/index.html]
[gardendowntown.com/wp-content/uploads/2023/08/xmenu-rooms.jpg.pagespeed.ic.RGRjlv26Nb.jpg]
[gardendowntown.com/wp-content/uploads/2023/10/menu-restaurant.jpg]
[gardendowntown.com/wp-content/uploads/2023/10/xmenu-about.jpg.pagespeed.ic.TgbX9EHeNN.jpg]
[gardendowntown.com/wp-content/uploads/2023/10/menu-contact.jpg]
[gardendowntown.com/wp-content/uploads/2023/08/xmenu-rooms-1.jpg.pagespeed.ic.2vjo55VfQt.jpg]
[gardendowntown.com/wp-content/uploads/2023/08/xmenu-rooms-2.jpg.pagespeed.ic.2vjo55VfQt.jpg]
[gardendowntown.com/wp-content/uploads/2023/08/xmenu-rooms-3.jpg.pagespeed.ic.2vjo55VfQt.jpg]
[gardendowntown.com/wp-content/uploads/2023/08/xmenu-rooms-4.jpg.pagespeed.ic.2vjo55VfQt.jpg]
[gardendowntown.com/wp-content/uploads/2023/08/xmenu-rooms-5.jpg.pagespeed.ic.2vjo55VfQt.jpg]
[gardendowntown.com/wp-content/uploads/2023/08/xmenu-rooms-6.jpg.pagespeed.ic.2vjo55VfQt.jpg]
[gardendowntown.com/wp-content/uploads/2023/08/xmenu-rooms-7.jpg.pagespeed.ic.2vjo55VfQt.jpg]
[gardendowntown.com/wp-content/uploads/2023/08/xmenu-rooms-8.jpg.pagespeed.ic.RGRjlv26Nb.jpg]
[gardendowntown.com/cdn-cgi/scripts/5c5dd728/cloudflare-static/email-decode.min.js]
[gardendowntown.com/wp-includes/js/dist/hooks.min.js,qver==4d63a3d491d11ffd8ac6+i18n.min.js,qver==5e580eb46a90c2b997e6.pagespeed.jc._-f4MzJmU2.js]
[gardendowntown.com/wp-content/plugins/contact-form-7/includes/swv/js/index9b2d.js]
[gardendowntown.com/wp-content/plugins/contact-form-7/includes/js/index9b2d.js]
[gardendowntown.com/index.html]
[gardendowntown.com/wp-content/themes/Hotel-Garden-Downtown-Theme/img/favicons/site.html]
[gardendowntown.com/wp-content/themes/Hotel-Garden-Downtown-Theme/img/favicons/safari-pinned-tab.svg]
[gardendowntown.com/wp-content/themes/Hotel-Garden-Downtown-Theme/js/bundle.js]
[gardendowntown.com/sq/ballina/info@gardendowntown.com]
[gardendowntown.com/sq/room/dhoma-aloe-vera-room/index.html]
[gardendowntown.com/sq/room/dhoma-sanseveria/index.html]
[gardendowntown.com/sq/room/dhoma-lavandula/index.html]
[gardendowntown.com/sq/room/dhoma-cactus/index.html]
[gardendowntown.com/sq/room/dhoma-guzmania/index.html]
[gardendowntown.com/sq/room/dhoma-bonsai/index.html]
[gardendowntown.com/sq/room/dhoma-dypsis/index.html]
[gardendowntown.com/wp-content/plugins/contact-form-7/includes/swv/js/index.js,qver=6.1.pagespeed.ce.lufcPw6FWe.js]
[gardendowntown.com/sq/room/dhoma-lucky-bamboo/index.html]
[gardendowntown.com/sq/rreth-nesh/index.html]
[gardendowntown.com/wp-content/plugins/contact-form-7/includes/js/index.js,qver=6.1.pagespeed.ce.KRLGV9BZLM.js]
[gardendowntown.com/sq/dhomat/index.html]
[gardendowntown.com/sq/ballina/index.html]
[gardendowntown.com/sq/restaurant-sq/index.html]
[gardendowntown.com/sq/ofertat/index.html]
[gardendowntown.com/wp-content/themes/Hotel-Garden-Downtown-Theme/js/bundle.js.pagespeed.jm.tzobmv8gmT.js]
[gardendowntown.com/wp-includes/css/dist/block-library/A.style.min.css,qver=6.8.2.pagespeed.cf.6w6iIy5A4f.css]
[gardendowntown.com/wp-content/plugins/contact-form-7/includes/css/A.styles.css,qver=6.1.pagespeed.cf.bY4dTi-wnh.css]
[gardendowntown.com/wp-content/themes/Hotel-Garden-Downtown-Theme/A.style.css,qver=6.8.2.pagespeed.cf.1B2M2Y8Asg.css]
[gardendowntown.com/sq/karriera/index.html]
[gardendowntown.com/sq/politika-e-privatesise/index.html]
[gardendowntown.com/sq/kontakt/index.html]
[gardendowntown.com/wp-content/themes/Hotel-Garden-Downtown-Theme/fonts/Canela-Thind41d.eot]
[gardendowntown.com/wp-content/themes/Hotel-Garden-Downtown-Theme/fonts/Canela-Thin.otf]
[gardendowntown.com/wp-content/themes/Hotel-Garden-Downtown-Theme/fonts/Canela-Thin.woff]
[gardendowntown.com/wp-content/themes/Hotel-Garden-Downtown-Theme/fonts/Canela-Thin.ttf]
[gardendowntown.com/wp-content/themes/Hotel-Garden-Downtown-Theme/fonts/Canela-Thin.svg]
[gardendowntown.com/wp-content/themes/Hotel-Garden-Downtown-Theme/fonts/bastardussans-webfont.eot]
[gardendowntown.com/wp-content/themes/Hotel-Garden-Downtown-Theme/fonts/bastardussans-webfontd41d.eot]
[gardendowntown.com/wp-content/themes/Hotel-Garden-Downtown-Theme/fonts/bastardussans-webfont.woff2]
[gardendowntown.com/wp-content/themes/Hotel-Garden-Downtown-Theme/fonts/bastardussans-webfont.woff]
[gardendowntown.com/wp-content/themes/Hotel-Garden-Downtown-Theme/fonts/bastardussans-webfont.ttf]
[gardendowntown.com/wp-content/themes/Hotel-Garden-Downtown-Theme/fonts/bastardussans-webfont.svg]
[gardendowntown.com/wp-content/themes/Hotel-Garden-Downtown-Theme/fonts/mullerlight.eot]
[gardendowntown.com/wp-content/themes/Hotel-Garden-Downtown-Theme/fonts/mullerlightd41d.eot]
[gardendowntown.com/wp-content/themes/Hotel-Garden-Downtown-Theme/fonts/mullerlight.woff2]
[gardendowntown.com/wp-content/themes/Hotel-Garden-Downtown-Theme/fonts/mullerlight.woff]
[gardendowntown.com/wp-content/themes/Hotel-Garden-Downtown-Theme/fonts/mullerlight.ttf]
[gardendowntown.com/wp-content/themes/Hotel-Garden-Downtown-Theme/fonts/mullerlight.svg]
[gardendowntown.com/wp-content/themes/Hotel-Garden-Downtown-Theme/fonts/icomoon0793.eot]
[gardendowntown.com/wp-content/themes/Hotel-Garden-Downtown-Theme/fonts/icomoon0793.ttf]
[gardendowntown.com/wp-content/themes/Hotel-Garden-Downtown-Theme/fonts/icomoon0793.woff]
[gardendowntown.com/wp-content/themes/Hotel-Garden-Downtown-Theme/css/A.style.css,qver=6.8.2.pagespeed.cf.gSTAN3gNQG.css]
[gardendowntown.com/wp-json/index.html]
[gardendowntown.com/wp-json/wp/v2/pages/11.json]
[gardendowntown.com/xmlrpc0db0.html]
[gardendowntown.com/wp-json/oembed/1.0/embed891d.json]
[gardendowntown.com/wp-json/oembed/1.0/embed51c4]
[gardendowntown.com/wp-content/themes/Hotel-Garden-Downtown-Theme/fonts/icomoon0793.svg]
[gardendowntown.com/wp-content/uploads/2023/08/img-1.jpg]
[gardendowntown.com/wp-content/uploads/2023/08/img-2.jpg]
[gardendowntown.com/wp-content/uploads/2023/08/img-3.jpg]
[gardendowntown.com/wp-content/uploads/2023/08/img-small-1.jpg]
[gardendowntown.com/wp-content/uploads/2023/08/img-small-2.jpg]
[gardendowntown.com/wp-content/uploads/2023/08/palm.png]
[gardendowntown.com/room/aloe-vera-room/info@gardendowntown.com]
[gardendowntown.com/room/aloe-vera-room/index.html]
[gardendowntown.com/wp-content/uploads/2023/08/img-4.jpg]
[gardendowntown.com/wp-content/uploads/2023/08/img-5.jpg]
[gardendowntown.com/wp-content/uploads/2023/08/img-6.jpg]
[gardendowntown.com/wp-content/uploads/2023/08/img-small-1-1.jpg]
[gardendowntown.com/wp-content/uploads/2023/08/img-small-2-1.jpg]
[gardendowntown.com/room/sanseveria-room/info@gardendowntown.com]
[gardendowntown.com/room/sanseveria-room/index.html]
[gardendowntown.com/wp-content/uploads/2023/08/img-1-1.jpg]
[gardendowntown.com/wp-content/uploads/2023/08/img-2-1.jpg]
[gardendowntown.com/wp-content/uploads/2023/08/img-3-1.jpg]
[gardendowntown.com/wp-content/uploads/2023/08/img-small-1-2.jpg]
[gardendowntown.com/wp-content/uploads/2023/08/img-small-2-2.jpg]
[gardendowntown.com/room/lavandula-room/info@gardendowntown.com]
[gardendowntown.com/room/lavandula-room/index.html]
[gardendowntown.com/wp-content/uploads/2023/08/img-1-2.jpg]
[gardendowntown.com/wp-content/uploads/2023/08/img-2-2.jpg]
[gardendowntown.com/wp-content/uploads/2023/08/img-small-1-3.jpg]
[gardendowntown.com/wp-content/uploads/2023/08/img-small-2-3.jpg]
[gardendowntown.com/room/cactus-room/info@gardendowntown.com]
[gardendowntown.com/room/cactus-room/index.html]
[gardendowntown.com/wp-content/uploads/2023/08/img-1-3.jpg]
[gardendowntown.com/wp-content/uploads/2023/08/img-2-3.jpg]
[gardendowntown.com/wp-content/uploads/2023/08/img-3-2.jpg]
[gardendowntown.com/wp-content/uploads/2023/08/img-small-1-4.jpg]
[gardendowntown.com/wp-content/uploads/2023/08/img-small-2-4.jpg]
[gardendowntown.com/room/guzmania-room/info@gardendowntown.com]
[gardendowntown.com/room/guzmania-room/index.html]
[gardendowntown.com/wp-content/uploads/2023/08/img-1-4.jpg]
[gardendowntown.com/wp-content/uploads/2023/08/img-2-4.jpg]
[gardendowntown.com/wp-content/uploads/2023/08/img-3-3.jpg]
[gardendowntown.com/wp-content/uploads/2023/08/img-small-1-5.jpg]
[gardendowntown.com/wp-content/uploads/2023/08/img-small-2-5.jpg]
[gardendowntown.com/room/bonsai-room/info@gardendowntown.com]
[gardendowntown.com/room/bonsai-room/index.html]
[gardendowntown.com/wp-content/uploads/2023/08/img-1-5.jpg]
[gardendowntown.com/wp-content/uploads/2023/08/img-2-5.jpg]
[gardendowntown.com/wp-content/uploads/2023/08/img-3-4.jpg]
[gardendowntown.com/wp-content/uploads/2023/08/img-small-1-6.jpg]
[gardendowntown.com/wp-content/uploads/2023/08/img-small-2-6.jpg]
[gardendowntown.com/room/dypsis-room/info@gardendowntown.com]
[gardendowntown.com/room/dypsis-room/index.html]
[gardendowntown.com/wp-content/uploads/2023/08/img-1-6.jpg]
[gardendowntown.com/wp-content/uploads/2023/08/img-2-6.jpg]
[gardendowntown.com/wp-content/uploads/2023/08/img-3-5.jpg]
[gardendowntown.com/wp-content/uploads/2023/08/img-small-1-7.jpg]
[gardendowntown.com/wp-content/uploads/2023/08/img-small-2-7.jpg]
[gardendowntown.com/room/lucky-bamboo-room/info@gardendowntown.com]
[gardendowntown.com/room/lucky-bamboo-room/index.html]
[gardendowntown.com/wp-content/uploads/2023/10/restaurant-1.jpg]
[gardendowntown.com/wp-content/uploads/2023/08/restaurant-4.jpg]
[gardendowntown.com/wp-content/uploads/2023/08/restaurant-3.jpg]
[gardendowntown.com/wp-content/uploads/2023/08/restaurant-2.jpg]
[gardendowntown.com/wp-content/uploads/2023/08/restaurant-1.jpg]
[gardendowntown.com/wp-content/uploads/2023/10/restaurant-2.jpg]
[gardendowntown.com/wp-content/uploads/2023/10/restaurant-3.jpg]
[gardendowntown.com/wp-content/uploads/2024/01/A-La-Carte-Menu-Downtown-ENG.pdf]
[gardendowntown.com/wp-content/uploads/2023/08/restaurant-small-4.jpg]
[gardendowntown.com/wp-content/uploads/2023/08/restaurant-small-1.jpg]
[gardendowntown.com/wp-content/uploads/2023/08/restaurant-small-5.jpg]
[gardendowntown.com/wp-content/uploads/2023/08/restaurant-small-2.jpg]
[gardendowntown.com/wp-content/uploads/2023/08/restaurant-small-3.jpg]
[gardendowntown.com/restaurant/info@gardendowntown.com]
[gardendowntown.com/restaurant/index.html]
[gardendowntown.com/wp-content/uploads/2023/08/main.jpg]
[gardendowntown.com/wp-content/uploads/2023/12/restaurant-1.jpg]
[gardendowntown.com/wp-content/uploads/2023/12/inside-1.jpg]
[gardendowntown.com/wp-content/uploads/2023/08/hotel.png]
[gardendowntown.com/about/info@gardendowntown.com]
[gardendowntown.com/about/index.html]
[gardendowntown.com/rooms/info@gardendowntown.com]
[gardendowntown.com/rooms/index.html]
[gardendowntown.com/offers/info@gardendowntown.com]
[gardendowntown.com/offers/index.html]
[gardendowntown.com/careers/info@gardendowntown.com]
[gardendowntown.com/careers/index.html]
[gardendowntown.com/wp-content/uploads/2023/10/contact.jpg]
[gardendowntown.com/cdn-cgi/l/email-protection]
[gardendowntown.com/contact/info@gardendowntown.com]
[gardendowntown.com/contact/index.html]
[gardendowntown.com/wp-content/uploads/2023/09/contact-1.jpg]
[gardendowntown.com/privacy-policy/info@gardendowntown.com]
[gardendowntown.com/privacy-policy/index.html]
[gardendowntown.com/info@gardendowntown.html]
[gardendowntown.com/wp-json/wp/v2/pages/302.json]
[gardendowntown.com/wp-json/oembed/1.0/embedb67c.json]
[gardendowntown.com/wp-json/oembed/1.0/embed7ace]
[gardendowntown.com/sq/room/dhoma-aloe-vera-room/info@gardendowntown.com]
[gardendowntown.com/sq/room/dhoma-aloe-vera-room/index.html]
[gardendowntown.com/wp-content/uploads/2023/08/ximg-1.jpg.pagespeed.ic.eZ1utww5cT.jpg]
[gardendowntown.com/wp-content/uploads/2023/08/ximg-2.jpg.pagespeed.ic.wa8uNwOxkD.jpg]
[gardendowntown.com/wp-content/uploads/2023/08/ximg-3.jpg.pagespeed.ic.X9ivUeZr_e.jpg]
[gardendowntown.com/wp-content/uploads/2023/08/ximg-small-1-1.jpg.pagespeed.ic.EKpqr3bBNF.jpg]
[gardendowntown.com/wp-content/uploads/2023/08/ximg-small-2-1.jpg.pagespeed.ic.9Ve3Akf959.jpg]
[gardendowntown.com/sq/room/dhoma-sanseveria/info@gardendowntown.com]
[gardendowntown.com/sq/room/dhoma-sanseveria/index.html]
[gardendowntown.com/sq/room/dhoma-lavandula/info@gardendowntown.com]
[gardendowntown.com/sq/room/dhoma-lavandula/index.html]
[gardendowntown.com/sq/room/dhoma-cactus/info@gardendowntown.com]
[gardendowntown.com/sq/room/dhoma-cactus/index.html]
[gardendowntown.com/sq/room/dhoma-guzmania/info@gardendowntown.com]
[gardendowntown.com/sq/room/dhoma-guzmania/index.html]
[gardendowntown.com/sq/room/dhoma-bonsai/info@gardendowntown.com]
[gardendowntown.com/sq/room/dhoma-bonsai/index.html]
[gardendowntown.com/sq/room/dhoma-dypsis/info@gardendowntown.com]
[gardendowntown.com/sq/room/dhoma-dypsis/index.html]
[gardendowntown.com/wp-content/uploads/2023/08/ximg-1-6.jpg.pagespeed.ic.pKeRwQRlsf.jpg]
[gardendowntown.com/wp-content/uploads/2023/08/ximg-2-6.jpg.pagespeed.ic.DXLTbSbdLJ.jpg]
[gardendowntown.com/wp-content/uploads/2023/08/ximg-3-5.jpg.pagespeed.ic.PU1mZFLRmk.jpg]
[gardendowntown.com/wp-content/uploads/2023/08/ximg-small-1-7.jpg.pagespeed.ic.G4qaePfSZx.jpg]
[gardendowntown.com/wp-content/uploads/2023/08/ximg-small-2-7.jpg.pagespeed.ic.zLzesarIW9.jpg]
[gardendowntown.com/sq/room/dhoma-lucky-bamboo/info@gardendowntown.f5.delayed]
[gardendowntown.com/sq/room/dhoma-lucky-bamboo/index.html]
[gardendowntown.com/sq/rreth-nesh/info@gardendowntown.com]
[gardendowntown.com/sq/rreth-nesh/index.html]
[gardendowntown.com/sq/dhomat/info@gardendowntown.com]
[gardendowntown.com/sq/dhomat/index.html]
[gardendowntown.com/wp-content/uploads/2024/01/A-La-Carte-Menu-Downtown-Shqip.pdf]
[gardendowntown.com/sq/restaurant-sq/info@gardendowntown.com]
[gardendowntown.com/sq/restaurant-sq/index.html]
[gardendowntown.com/sq/ofertat/info@gardendowntown.com]
[gardendowntown.com/sq/ofertat/index.html]
[gardendowntown.com/sq/karriera/info@gardendowntown.com]
[gardendowntown.com/sq/karriera/index.html]
[gardendowntown.com/wp-content/uploads/2023/10/xcontact.jpg.pagespeed.ic.En-gSLaT2P.jpg]
[gardendowntown.com/sq/kontakt/info@gardendowntown.com]
[gardendowntown.com/sq/kontakt/index.html]
[gardendowntown.com/sq/politika-e-privatesise/info@gardendowntown.com]
[gardendowntown.com/sq/politika-e-privatesise/index.html]
[gardendowntown.com/sq/ballina/info@gardendowntown.html]
[gardendowntown.com/wp-content/themes/Hotel-Garden-Downtown-Theme/fonts/Canela-Thin.svg]
[gardendowntown.com/wp-content/themes/Hotel-Garden-Downtown-Theme/fonts/bastardussans-webfont.svg]
[gardendowntown.com/wp-content/themes/Hotel-Garden-Downtown-Theme/fonts/mullerlight.svg]
[gardendowntown.com/wp-content/themes/Hotel-Garden-Downtown-Theme/fonts/icomoon0793.svg]
[gardendowntown.com/wp-json/wp/v2/rooms/72.json]
[gardendowntown.com/indexae74.html]
[gardendowntown.com/wp-json/oembed/1.0/embededbd.json]
[gardendowntown.com/wp-json/oembed/1.0/embeddf85]
[gardendowntown.com/room/aloe-vera-room/info@gardendowntown.html]
[gardendowntown.com/wp-json/wp/v2/rooms/73.json]
[gardendowntown.com/index8cae.html]
[gardendowntown.com/wp-json/oembed/1.0/embedf5f9.json]
[gardendowntown.com/wp-json/oembed/1.0/embed611f]
[gardendowntown.com/room/sanseveria-room/info@gardendowntown.html]
[gardendowntown.com/wp-json/wp/v2/rooms/74.json]
[gardendowntown.com/index49a5.html]
[gardendowntown.com/wp-json/oembed/1.0/embedfa59.json]
[gardendowntown.com/wp-json/oembed/1.0/embed6499]
[gardendowntown.com/room/lavandula-room/info@gardendowntown.html]
[gardendowntown.com/wp-json/wp/v2/rooms/75.json]
[gardendowntown.com/indexe839.html]
[gardendowntown.com/wp-json/oembed/1.0/embedbcc5.json]
[gardendowntown.com/wp-json/oembed/1.0/embed7c8f]
[gardendowntown.com/room/cactus-room/info@gardendowntown.html]
[gardendowntown.com/wp-json/wp/v2/rooms/76.json]
[gardendowntown.com/index04cd.html]
[gardendowntown.com/wp-json/oembed/1.0/embed0172.json]
[gardendowntown.com/wp-json/oembed/1.0/embedb876]
[gardendowntown.com/room/guzmania-room/info@gardendowntown.html]
[gardendowntown.com/wp-json/wp/v2/rooms/77.json]
[gardendowntown.com/indexb135.html]
[gardendowntown.com/wp-json/oembed/1.0/embede849.json]
[gardendowntown.com/wp-json/oembed/1.0/embed0856]
[gardendowntown.com/room/bonsai-room/info@gardendowntown.html]
[gardendowntown.com/wp-json/wp/v2/rooms/78.json]
[gardendowntown.com/index7896.html]
[gardendowntown.com/wp-json/oembed/1.0/embeded96.json]
[gardendowntown.com/wp-json/oembed/1.0/embedc3df]
[gardendowntown.com/room/dypsis-room/info@gardendowntown.html]
[gardendowntown.com/wp-json/wp/v2/rooms/79.json]
[gardendowntown.com/index6ffe.html]
[gardendowntown.com/wp-json/oembed/1.0/embedf0c3.json]
[gardendowntown.com/wp-json/oembed/1.0/embed9ab0]
[gardendowntown.com/room/lucky-bamboo-room/info@gardendowntown.html]
[gardendowntown.com/wp-json/wp/v2/pages/174.json]
[gardendowntown.com/index0325.html]
[gardendowntown.com/wp-json/oembed/1.0/embed8307.json]
[gardendowntown.com/wp-json/oembed/1.0/embed33a2]
[gardendowntown.com/restaurant/info@gardendowntown.html]
[gardendowntown.com/wp-json/wp/v2/pages/13.json]
[gardendowntown.com/index2dc4.html]
[gardendowntown.com/wp-json/oembed/1.0/embedeb30.json]
[gardendowntown.com/wp-json/oembed/1.0/embed254c]
[gardendowntown.com/about/info@gardendowntown.html]
[gardendowntown.com/wp-json/wp/v2/pages/15.json]
[gardendowntown.com/indexa1ca.html]
[gardendowntown.com/wp-json/oembed/1.0/embedd1cf.json]
[gardendowntown.com/wp-json/oembed/1.0/embedeca1]
[gardendowntown.com/rooms/info@gardendowntown.html]
[gardendowntown.com/wp-json/wp/v2/pages/17.json]
[gardendowntown.com/indexd8eb.html]
[gardendowntown.com/wp-json/oembed/1.0/embed63f2.json]
[gardendowntown.com/wp-json/oembed/1.0/embed9b05]
[gardendowntown.com/offers/info@gardendowntown.html]
[gardendowntown.com/wp-json/wp/v2/pages/19.json]
[gardendowntown.com/index5831.html]
[gardendowntown.com/wp-json/oembed/1.0/embed8c70.json]
[gardendowntown.com/wp-json/oembed/1.0/embedcf7c]
[gardendowntown.com/careers/info@gardendowntown.html]
[gardendowntown.com/wp-json/wp/v2/pages/21.json]
[gardendowntown.com/index3965.html]
[gardendowntown.com/wp-json/oembed/1.0/embedd7fc.json]
[gardendowntown.com/wp-json/oembed/1.0/embed6ad4]
[gardendowntown.com/cdn-cgi/l/email-protection.html]
[gardendowntown.com/contact/info@gardendowntown.html]
[gardendowntown.com/wp-json/wp/v2/pages/25.json]
[gardendowntown.com/index970c.html]
[gardendowntown.com/wp-json/oembed/1.0/embed4cbe.json]
[gardendowntown.com/wp-json/oembed/1.0/embedbd6a]
[gardendowntown.com/privacy-policy/info@gardendowntown.html]
[gardendowntown.com/wp-json/wp/v2/rooms/319.json]
[gardendowntown.com/index63fb.html]
[gardendowntown.com/wp-json/oembed/1.0/embed7bd1.json]
[gardendowntown.com/wp-json/oembed/1.0/embed603a]
[gardendowntown.com/sq/room/dhoma-aloe-vera-room/info@gardendowntown.html]
[gardendowntown.com/wp-json/wp/v2/rooms/320.json]
[gardendowntown.com/indexe513.html]
[gardendowntown.com/wp-json/oembed/1.0/embedd4e5.json]
[gardendowntown.com/wp-json/oembed/1.0/embed0b5d]
[gardendowntown.com/sq/room/dhoma-sanseveria/info@gardendowntown.html]
[gardendowntown.com/wp-json/wp/v2/rooms/321.json]
[gardendowntown.com/index8ee7.html]
[gardendowntown.com/wp-json/oembed/1.0/embeddd7f.json]
[gardendowntown.com/wp-json/oembed/1.0/embed6beb]
[gardendowntown.com/sq/room/dhoma-lavandula/info@gardendowntown.html]
[gardendowntown.com/wp-json/wp/v2/rooms/322.json]
[gardendowntown.com/indexeffc.html]
[gardendowntown.com/wp-json/oembed/1.0/embed1cbc.json]
[gardendowntown.com/wp-json/oembed/1.0/embed9aa8]
[gardendowntown.com/sq/room/dhoma-cactus/info@gardendowntown.html]
[gardendowntown.com/wp-json/wp/v2/rooms/323.json]
[gardendowntown.com/index3cee.html]
[gardendowntown.com/wp-json/oembed/1.0/embed9812.json]
[gardendowntown.com/wp-json/oembed/1.0/embed6fbc]
[gardendowntown.com/sq/room/dhoma-guzmania/info@gardendowntown.html]
[gardendowntown.com/wp-json/wp/v2/rooms/324.json]
[gardendowntown.com/indexf47a.html]
[gardendowntown.com/wp-json/oembed/1.0/embed02ea.json]
[gardendowntown.com/wp-json/oembed/1.0/embedc530]
[gardendowntown.com/sq/room/dhoma-bonsai/info@gardendowntown.html]
[gardendowntown.com/wp-json/wp/v2/rooms/325.json]
[gardendowntown.com/indexf175.html]
[gardendowntown.com/wp-json/oembed/1.0/embed5946.json]
[gardendowntown.com/wp-json/oembed/1.0/embed43a6]
[gardendowntown.com/sq/room/dhoma-dypsis/info@gardendowntown.html]
[gardendowntown.com/wp-json/wp/v2/rooms/326.json]
[gardendowntown.com/index4bd3.html]
[gardendowntown.com/wp-json/oembed/1.0/embedf4a5.json]
[gardendowntown.com/wp-json/oembed/1.0/embed2612]
[gardendowntown.com/sq/room/dhoma-lucky-bamboo/info@gardendowntown.html]
[gardendowntown.com/wp-json/wp/v2/pages/304.json]
[gardendowntown.com/indexdd01.html]
[gardendowntown.com/wp-json/oembed/1.0/embed82c2.json]
[gardendowntown.com/wp-json/oembed/1.0/embed53b3]
[gardendowntown.com/sq/rreth-nesh/info@gardendowntown.html]
[gardendowntown.com/wp-json/wp/v2/pages/306.json]
[gardendowntown.com/indexf167.html]
[gardendowntown.com/wp-json/oembed/1.0/embedeeb1.json]
[gardendowntown.com/wp-json/oembed/1.0/embed582a]
[gardendowntown.com/sq/dhomat/info@gardendowntown.html]
[gardendowntown.com/wp-json/wp/v2/pages/308.json]
[gardendowntown.com/indexf454.html]
[gardendowntown.com/wp-json/oembed/1.0/embede9be.json]
[gardendowntown.com/wp-json/oembed/1.0/embed4943]
[gardendowntown.com/sq/restaurant-sq/info@gardendowntown.html]
[gardendowntown.com/wp-json/wp/v2/pages/310.json]
[gardendowntown.com/index90b2.html]
[gardendowntown.com/wp-json/oembed/1.0/embed590f.json]
[gardendowntown.com/wp-json/oembed/1.0/embed88ec]
[gardendowntown.com/sq/ofertat/info@gardendowntown.html]
[gardendowntown.com/wp-json/wp/v2/pages/312.json]
[gardendowntown.com/index8844.html]
[gardendowntown.com/wp-json/oembed/1.0/embed072d.json]
[gardendowntown.com/wp-json/oembed/1.0/embed7269]
[gardendowntown.com/sq/karriera/info@gardendowntown.html]
[gardendowntown.com/wp-json/wp/v2/pages/314.json]
[gardendowntown.com/index1031.html]
[gardendowntown.com/wp-json/oembed/1.0/embed91d6.json]
[gardendowntown.com/wp-json/oembed/1.0/embedfd0c]
[gardendowntown.com/sq/kontakt/info@gardendowntown.html]
[gardendowntown.com/wp-json/wp/v2/pages/316.json]
[gardendowntown.com/index258b.html]
[gardendowntown.com/wp-json/oembed/1.0/embed4e41.json]
[gardendowntown.com/wp-json/oembed/1.0/embed1cf9]
[gardendowntown.com/sq/politika-e-privatesise/info@gardendowntown.html]
